Loading data...
Loaded 297930 examples.

--- Starting Fold 1/5 ---
Fold 1 sizes: Train=238344, Eval=59586
Loading tokenizer...
Found 68 POS tags: ['-LRB-', '-RRB-', 'ADD', 'ADJP', 'ADVP', 'AFX', 'CC', 'CD', 'CONJP', 'DT', 'EX', 'FRAG', 'FW', 'HYPH', 'IN', 'INTJ', 'JJ', 'JJR', 'JJS', 'LS', 'LST', 'MD', 'NFP', 'NML', 'NN', 'NNP', 'NNPS', 'NNS', 'NP', 'PDT', 'POS', 'PP', 'PRN', 'PRP', 'PRP$', 'PRT', 'QP', 'RB', 'RBR', 'RBS', 'ROOT', 'RP', 'RRC', 'S', 'SBAR', 'SBARQ', 'SINV', 'SQ', 'SYM', 'TO', 'UCP', 'UH', 'VB', 'VBD', 'VBG', 'VBN', 'VBP', 'VBZ', 'VP', 'WDT', 'WHADJP', 'WHADVP', 'WHNP', 'WHPP', 'WP', 'WP$', 'WRB', 'X']
Found 0 phrase labels: []
Adding manual additions: ( ) # $ . , ''
Preprocessing...
Token length per parse sequence: 33.3765
Initializing DualEncoder model...
Loading  weights...
Missing keys: ['prosody_encoder.pos_table', 'prosody_encoder.mag_table', 'prosody_encoder.transformer.layers.0.self_attn.in_proj_weight', 'prosody_encoder.transformer.layers.0.self_attn.in_proj_bias', 'prosody_encoder.transformer.layers.0.self_attn.out_proj.weight', 'prosody_encoder.transformer.layers.0.self_attn.out_proj.bias', 'prosody_encoder.transformer.layers.0.linear1.weight', 'prosody_encoder.transformer.layers.0.linear1.bias', 'prosody_encoder.transformer.layers.0.linear2.weight', 'prosody_encoder.transformer.layers.0.linear2.bias', 'prosody_encoder.transformer.layers.0.norm1.weight', 'prosody_encoder.transformer.layers.0.norm1.bias', 'prosody_encoder.transformer.layers.0.norm2.weight', 'prosody_encoder.transformer.layers.0.norm2.bias', 'prosody_encoder.transformer.layers.1.self_attn.in_proj_weight', 'prosody_encoder.transformer.layers.1.self_attn.in_proj_bias', 'prosody_encoder.transformer.layers.1.self_attn.out_proj.weight', 'prosody_encoder.transformer.layers.1.self_attn.out_proj.bias', 'prosody_encoder.transformer.layers.1.linear1.weight', 'prosody_encoder.transformer.layers.1.linear1.bias', 'prosody_encoder.transformer.layers.1.linear2.weight', 'prosody_encoder.transformer.layers.1.linear2.bias', 'prosody_encoder.transformer.layers.1.norm1.weight', 'prosody_encoder.transformer.layers.1.norm1.bias', 'prosody_encoder.transformer.layers.1.norm2.weight', 'prosody_encoder.transformer.layers.1.norm2.bias', 'prosody_encoder.up_proj.weight', 'prosody_encoder.up_proj.bias', 'prosody_up.weight', 'prosody_up.bias', 'cross_attn.in_proj_weight', 'cross_attn.in_proj_bias', 'cross_attn.out_proj.weight', 'cross_attn.out_proj.bias', 'fusion_layer_norm.weight', 'fusion_layer_norm.bias']
Unexpected keys: []
Re-initializing decoder layer, to be trained from scratch
Training...
{'loss': '4.86', 'grad_norm': '14.07', 'learning_rate': '0.0001073', 'epoch': '1.074'}
{'eval_loss': '0.4428', 'eval_runtime': '104.8', 'eval_samples_per_second': '568.7', 'eval_steps_per_second': '4.448', 'epoch': '1.879'}
{'loss': '0.5645', 'grad_norm': '4.83', 'learning_rate': '0.0002147', 'epoch': '2.147'}
{'loss': '0.4826', 'grad_norm': '4.037', 'learning_rate': '0.0003', 'epoch': '3.221'}
{'eval_loss': '0.46', 'eval_runtime': '104.6', 'eval_samples_per_second': '569.7', 'eval_steps_per_second': '4.455', 'epoch': '3.757'}
{'loss': '0.4553', 'grad_norm': '3.795', 'learning_rate': '0.0002983', 'epoch': '4.294'}
{'loss': '0.4412', 'grad_norm': '4.651', 'learning_rate': '0.0002943', 'epoch': '5.368'}
{'eval_loss': '0.4362', 'eval_runtime': '104.5', 'eval_samples_per_second': '570.2', 'eval_steps_per_second': '4.459', 'epoch': '5.636'}
{'loss': '0.4345', 'grad_norm': '15.89', 'learning_rate': '0.0002881', 'epoch': '6.441'}
{'loss': '0.4304', 'grad_norm': '1.344', 'learning_rate': '0.0002798', 'epoch': '7.515'}
{'eval_loss': '0.4235', 'eval_runtime': '104.5', 'eval_samples_per_second': '570', 'eval_steps_per_second': '4.458', 'epoch': '7.515'}
{'loss': '0.4279', 'grad_norm': '1.071', 'learning_rate': '0.0002694', 'epoch': '8.588'}
{'eval_loss': '0.4206', 'eval_runtime': '104.5', 'eval_samples_per_second': '570.2', 'eval_steps_per_second': '4.459', 'epoch': '9.393'}
{'loss': '0.425', 'grad_norm': '1.351', 'learning_rate': '0.0002572', 'epoch': '9.662'}
{'loss': '0.4232', 'grad_norm': '0.273', 'learning_rate': '0.0002432', 'epoch': '10.74'}
{'eval_loss': '0.4187', 'eval_runtime': '104.9', 'eval_samples_per_second': '568.1', 'eval_steps_per_second': '4.443', 'epoch': '11.27'}
{'loss': '0.4221', 'grad_norm': '4.101', 'learning_rate': '0.0002279', 'epoch': '11.81'}
{'loss': '0.4214', 'grad_norm': '2.023', 'learning_rate': '0.0002113', 'epoch': '12.88'}
{'eval_loss': '0.4186', 'eval_runtime': '104.5', 'eval_samples_per_second': '570.2', 'eval_steps_per_second': '4.459', 'epoch': '13.15'}
{'loss': '0.4206', 'grad_norm': '0.3632', 'learning_rate': '0.0001938', 'epoch': '13.96'}
{'loss': '0.4199', 'grad_norm': '1.4', 'learning_rate': '0.0001755', 'epoch': '15.03'}
{'eval_loss': '0.4178', 'eval_runtime': '104.6', 'eval_samples_per_second': '569.8', 'eval_steps_per_second': '4.456', 'epoch': '15.03'}
{'loss': '0.4195', 'grad_norm': '2.186', 'learning_rate': '0.0001569', 'epoch': '16.1'}
{'eval_loss': '0.4177', 'eval_runtime': '104.4', 'eval_samples_per_second': '570.6', 'eval_steps_per_second': '4.462', 'epoch': '16.91'}
{'loss': '0.4189', 'grad_norm': '1.699', 'learning_rate': '0.0001382', 'epoch': '17.18'}
{'loss': '0.4185', 'grad_norm': '0.7745', 'learning_rate': '0.0001197', 'epoch': '18.25'}
{'eval_loss': '0.4174', 'eval_runtime': '104.5', 'eval_samples_per_second': '570', 'eval_steps_per_second': '4.458', 'epoch': '18.79'}
{'loss': '0.4183', 'grad_norm': '3.575', 'learning_rate': '0.0001016', 'epoch': '19.32'}
{'loss': '0.4179', 'grad_norm': '1.69', 'learning_rate': '8.43e-05', 'epoch': '20.4'}
{'eval_loss': '0.417', 'eval_runtime': '104.6', 'eval_samples_per_second': '569.6', 'eval_steps_per_second': '4.454', 'epoch': '20.67'}
{'loss': '0.4178', 'grad_norm': '2.432', 'learning_rate': '6.801e-05', 'epoch': '21.47'}
{'loss': '0.4173', 'grad_norm': '0.9447', 'learning_rate': '5.3e-05', 'epoch': '22.54'}
{'eval_loss': '0.4168', 'eval_runtime': '105.1', 'eval_samples_per_second': '567.1', 'eval_steps_per_second': '4.435', 'epoch': '22.54'}
{'loss': '0.4172', 'grad_norm': '2.526', 'learning_rate': '3.95e-05', 'epoch': '23.62'}
{'eval_loss': '0.4168', 'eval_runtime': '104.5', 'eval_samples_per_second': '570', 'eval_steps_per_second': '4.458', 'epoch': '24.42'}
{'loss': '0.4172', 'grad_norm': '1.497', 'learning_rate': '2.772e-05', 'epoch': '24.69'}
{'loss': '0.4167', 'grad_norm': '1.047', 'learning_rate': '1.785e-05', 'epoch': '25.76'}
{'eval_loss': '0.4167', 'eval_runtime': '104.5', 'eval_samples_per_second': '570.2', 'eval_steps_per_second': '4.459', 'epoch': '26.3'}
{'loss': '0.4167', 'grad_norm': '0.4807', 'learning_rate': '1.004e-05', 'epoch': '26.84'}
{'loss': '0.4165', 'grad_norm': '1.16', 'learning_rate': '4.407e-06', 'epoch': '27.91'}
{'eval_loss': '0.4166', 'eval_runtime': '104.5', 'eval_samples_per_second': '570.1', 'eval_steps_per_second': '4.458', 'epoch': '28.18'}
{'loss': '0.4166', 'grad_norm': '3.385', 'learning_rate': '1.045e-06', 'epoch': '28.99'}
{'eval_loss': '0.4167', 'eval_runtime': '104.6', 'eval_samples_per_second': '569.7', 'eval_steps_per_second': '4.455', 'epoch': '30'}
{'train_runtime': '3.58e+04', 'train_samples_per_second': '199.7', 'train_steps_per_second': '1.561', 'train_loss': '0.5887', 'epoch': '30'}
Evaluating (Mean Loss)...
Calculating per-sequence surprisals...
Fold 1 Evaluation per token: 0.4166
Fold 1 Entropy per sequence: 13.9063

--- Starting Fold 2/5 ---
Fold 2 sizes: Train=238344, Eval=59586
Loading tokenizer...
Found 68 POS tags: ['-LRB-', '-RRB-', 'ADD', 'ADJP', 'ADVP', 'AFX', 'CC', 'CD', 'CONJP', 'DT', 'EX', 'FRAG', 'FW', 'HYPH', 'IN', 'INTJ', 'JJ', 'JJR', 'JJS', 'LS', 'LST', 'MD', 'NFP', 'NML', 'NN', 'NNP', 'NNPS', 'NNS', 'NP', 'PDT', 'POS', 'PP', 'PRN', 'PRP', 'PRP$', 'PRT', 'QP', 'RB', 'RBR', 'RBS', 'ROOT', 'RP', 'RRC', 'S', 'SBAR', 'SBARQ', 'SINV', 'SQ', 'SYM', 'TO', 'UCP', 'UH', 'VB', 'VBD', 'VBG', 'VBN', 'VBP', 'VBZ', 'VP', 'WDT', 'WHADJP', 'WHADVP', 'WHNP', 'WHPP', 'WP', 'WP$', 'WRB', 'X']
Found 0 phrase labels: []
Adding manual additions: ( ) # $ . , ''
Preprocessing...
Token length per parse sequence: 33.3021
Initializing DualEncoder model...
Loading  weights...
Missing keys: ['prosody_encoder.pos_table', 'prosody_encoder.mag_table', 'prosody_encoder.transformer.layers.0.self_attn.in_proj_weight', 'prosody_encoder.transformer.layers.0.self_attn.in_proj_bias', 'prosody_encoder.transformer.layers.0.self_attn.out_proj.weight', 'prosody_encoder.transformer.layers.0.self_attn.out_proj.bias', 'prosody_encoder.transformer.layers.0.linear1.weight', 'prosody_encoder.transformer.layers.0.linear1.bias', 'prosody_encoder.transformer.layers.0.linear2.weight', 'prosody_encoder.transformer.layers.0.linear2.bias', 'prosody_encoder.transformer.layers.0.norm1.weight', 'prosody_encoder.transformer.layers.0.norm1.bias', 'prosody_encoder.transformer.layers.0.norm2.weight', 'prosody_encoder.transformer.layers.0.norm2.bias', 'prosody_encoder.transformer.layers.1.self_attn.in_proj_weight', 'prosody_encoder.transformer.layers.1.self_attn.in_proj_bias', 'prosody_encoder.transformer.layers.1.self_attn.out_proj.weight', 'prosody_encoder.transformer.layers.1.self_attn.out_proj.bias', 'prosody_encoder.transformer.layers.1.linear1.weight', 'prosody_encoder.transformer.layers.1.linear1.bias', 'prosody_encoder.transformer.layers.1.linear2.weight', 'prosody_encoder.transformer.layers.1.linear2.bias', 'prosody_encoder.transformer.layers.1.norm1.weight', 'prosody_encoder.transformer.layers.1.norm1.bias', 'prosody_encoder.transformer.layers.1.norm2.weight', 'prosody_encoder.transformer.layers.1.norm2.bias', 'prosody_encoder.up_proj.weight', 'prosody_encoder.up_proj.bias', 'prosody_up.weight', 'prosody_up.bias', 'cross_attn.in_proj_weight', 'cross_attn.in_proj_bias', 'cross_attn.out_proj.weight', 'cross_attn.out_proj.bias', 'fusion_layer_norm.weight', 'fusion_layer_norm.bias']
Unexpected keys: []
Re-initializing decoder layer, to be trained from scratch
Training...
{'loss': '4.875', 'grad_norm': '4.273', 'learning_rate': '0.0001073', 'epoch': '1.074'}
{'eval_loss': '0.4508', 'eval_runtime': '104.8', 'eval_samples_per_second': '568.7', 'eval_steps_per_second': '4.447', 'epoch': '1.879'}
{'loss': '0.5593', 'grad_norm': '2.96', 'learning_rate': '0.0002147', 'epoch': '2.147'}
{'loss': '0.4881', 'grad_norm': '2.225', 'learning_rate': '0.0003', 'epoch': '3.221'}
{'eval_loss': '0.4429', 'eval_runtime': '104.6', 'eval_samples_per_second': '569.5', 'eval_steps_per_second': '4.454', 'epoch': '3.757'}
{'loss': '0.4537', 'grad_norm': '4.975', 'learning_rate': '0.0002983', 'epoch': '4.294'}
{'loss': '0.441', 'grad_norm': '4.998', 'learning_rate': '0.0002943', 'epoch': '5.368'}
{'eval_loss': '0.4244', 'eval_runtime': '104.7', 'eval_samples_per_second': '569.2', 'eval_steps_per_second': '4.451', 'epoch': '5.636'}
{'loss': '0.4338', 'grad_norm': '0.5115', 'learning_rate': '0.0002881', 'epoch': '6.441'}
{'loss': '0.4298', 'grad_norm': '10.67', 'learning_rate': '0.0002798', 'epoch': '7.515'}
{'eval_loss': '0.425', 'eval_runtime': '104.7', 'eval_samples_per_second': '569', 'eval_steps_per_second': '4.45', 'epoch': '7.515'}
{'loss': '0.4276', 'grad_norm': '1.025', 'learning_rate': '0.0002694', 'epoch': '8.588'}
{'eval_loss': '0.4201', 'eval_runtime': '104.7', 'eval_samples_per_second': '569.2', 'eval_steps_per_second': '4.452', 'epoch': '9.393'}
{'loss': '0.4245', 'grad_norm': '0.9424', 'learning_rate': '0.0002572', 'epoch': '9.662'}
{'loss': '0.4227', 'grad_norm': '1.964', 'learning_rate': '0.0002432', 'epoch': '10.74'}
{'eval_loss': '0.4206', 'eval_runtime': '105', 'eval_samples_per_second': '567.5', 'eval_steps_per_second': '4.438', 'epoch': '11.27'}
{'loss': '0.4223', 'grad_norm': '2.959', 'learning_rate': '0.0002279', 'epoch': '11.81'}
{'loss': '0.421', 'grad_norm': '3.443', 'learning_rate': '0.0002113', 'epoch': '12.88'}
{'eval_loss': '0.4191', 'eval_runtime': '104.6', 'eval_samples_per_second': '569.9', 'eval_steps_per_second': '4.457', 'epoch': '13.15'}
{'loss': '0.4203', 'grad_norm': '2.469', 'learning_rate': '0.0001938', 'epoch': '13.96'}
{'loss': '0.4197', 'grad_norm': '3.477', 'learning_rate': '0.0001755', 'epoch': '15.03'}
{'eval_loss': '0.4179', 'eval_runtime': '104.6', 'eval_samples_per_second': '569.6', 'eval_steps_per_second': '4.455', 'epoch': '15.03'}
{'loss': '0.4193', 'grad_norm': '2.746', 'learning_rate': '0.0001569', 'epoch': '16.1'}
{'eval_loss': '0.4175', 'eval_runtime': '104.5', 'eval_samples_per_second': '570', 'eval_steps_per_second': '4.458', 'epoch': '16.91'}
{'loss': '0.4189', 'grad_norm': '1.726', 'learning_rate': '0.0001382', 'epoch': '17.18'}
{'loss': '0.4182', 'grad_norm': '1.467', 'learning_rate': '0.0001197', 'epoch': '18.25'}
{'eval_loss': '0.4179', 'eval_runtime': '105.2', 'eval_samples_per_second': '566.6', 'eval_steps_per_second': '4.431', 'epoch': '18.79'}
{'loss': '0.4181', 'grad_norm': '0.661', 'learning_rate': '0.0001016', 'epoch': '19.32'}
{'loss': '0.4178', 'grad_norm': '2.562', 'learning_rate': '8.43e-05', 'epoch': '20.4'}
{'eval_loss': '0.4171', 'eval_runtime': '104.6', 'eval_samples_per_second': '569.8', 'eval_steps_per_second': '4.456', 'epoch': '20.67'}
{'loss': '0.4174', 'grad_norm': '0.2951', 'learning_rate': '6.801e-05', 'epoch': '21.47'}
{'loss': '0.4172', 'grad_norm': '3.749', 'learning_rate': '5.3e-05', 'epoch': '22.54'}
{'eval_loss': '0.4168', 'eval_runtime': '105', 'eval_samples_per_second': '567.2', 'eval_steps_per_second': '4.436', 'epoch': '22.54'}
{'loss': '0.417', 'grad_norm': '0.1919', 'learning_rate': '3.95e-05', 'epoch': '23.62'}
{'eval_loss': '0.4168', 'eval_runtime': '104.6', 'eval_samples_per_second': '569.9', 'eval_steps_per_second': '4.457', 'epoch': '24.42'}
{'loss': '0.4169', 'grad_norm': '0.8624', 'learning_rate': '2.772e-05', 'epoch': '24.69'}
{'loss': '0.4166', 'grad_norm': '2.345', 'learning_rate': '1.785e-05', 'epoch': '25.76'}
{'eval_loss': '0.4167', 'eval_runtime': '104.6', 'eval_samples_per_second': '569.4', 'eval_steps_per_second': '4.453', 'epoch': '26.3'}
{'loss': '0.4165', 'grad_norm': '0.9385', 'learning_rate': '1.004e-05', 'epoch': '26.84'}
{'loss': '0.4164', 'grad_norm': '0.9298', 'learning_rate': '4.407e-06', 'epoch': '27.91'}
{'eval_loss': '0.4168', 'eval_runtime': '104.6', 'eval_samples_per_second': '569.4', 'eval_steps_per_second': '4.453', 'epoch': '28.18'}
{'loss': '0.4164', 'grad_norm': '0.5359', 'learning_rate': '1.045e-06', 'epoch': '28.99'}
{'eval_loss': '0.4167', 'eval_runtime': '104.7', 'eval_samples_per_second': '569.2', 'eval_steps_per_second': '4.451', 'epoch': '30'}
{'train_runtime': '3.586e+04', 'train_samples_per_second': '199.4', 'train_steps_per_second': '1.559', 'train_loss': '0.589', 'epoch': '30'}
Evaluating (Mean Loss)...
Calculating per-sequence surprisals...
Fold 2 Evaluation per token: 0.4167
Fold 2 Entropy per sequence: 13.8771

--- Starting Fold 3/5 ---
Fold 3 sizes: Train=238344, Eval=59586
Loading tokenizer...
Found 68 POS tags: ['-LRB-', '-RRB-', 'ADD', 'ADJP', 'ADVP', 'AFX', 'CC', 'CD', 'CONJP', 'DT', 'EX', 'FRAG', 'FW', 'HYPH', 'IN', 'INTJ', 'JJ', 'JJR', 'JJS', 'LS', 'LST', 'MD', 'NFP', 'NML', 'NN', 'NNP', 'NNPS', 'NNS', 'NP', 'PDT', 'POS', 'PP', 'PRN', 'PRP', 'PRP$', 'PRT', 'QP', 'RB', 'RBR', 'RBS', 'ROOT', 'RP', 'RRC', 'S', 'SBAR', 'SBARQ', 'SINV', 'SQ', 'SYM', 'TO', 'UCP', 'UH', 'VB', 'VBD', 'VBG', 'VBN', 'VBP', 'VBZ', 'VP', 'WDT', 'WHADJP', 'WHADVP', 'WHNP', 'WHPP', 'WP', 'WP$', 'WRB', 'X']
Found 0 phrase labels: []
Adding manual additions: ( ) # $ . , ''
Preprocessing...
Token length per parse sequence: 33.3149
Initializing DualEncoder model...
Loading  weights...
Missing keys: ['prosody_encoder.pos_table', 'prosody_encoder.mag_table', 'prosody_encoder.transformer.layers.0.self_attn.in_proj_weight', 'prosody_encoder.transformer.layers.0.self_attn.in_proj_bias', 'prosody_encoder.transformer.layers.0.self_attn.out_proj.weight', 'prosody_encoder.transformer.layers.0.self_attn.out_proj.bias', 'prosody_encoder.transformer.layers.0.linear1.weight', 'prosody_encoder.transformer.layers.0.linear1.bias', 'prosody_encoder.transformer.layers.0.linear2.weight', 'prosody_encoder.transformer.layers.0.linear2.bias', 'prosody_encoder.transformer.layers.0.norm1.weight', 'prosody_encoder.transformer.layers.0.norm1.bias', 'prosody_encoder.transformer.layers.0.norm2.weight', 'prosody_encoder.transformer.layers.0.norm2.bias', 'prosody_encoder.transformer.layers.1.self_attn.in_proj_weight', 'prosody_encoder.transformer.layers.1.self_attn.in_proj_bias', 'prosody_encoder.transformer.layers.1.self_attn.out_proj.weight', 'prosody_encoder.transformer.layers.1.self_attn.out_proj.bias', 'prosody_encoder.transformer.layers.1.linear1.weight', 'prosody_encoder.transformer.layers.1.linear1.bias', 'prosody_encoder.transformer.layers.1.linear2.weight', 'prosody_encoder.transformer.layers.1.linear2.bias', 'prosody_encoder.transformer.layers.1.norm1.weight', 'prosody_encoder.transformer.layers.1.norm1.bias', 'prosody_encoder.transformer.layers.1.norm2.weight', 'prosody_encoder.transformer.layers.1.norm2.bias', 'prosody_encoder.up_proj.weight', 'prosody_encoder.up_proj.bias', 'prosody_up.weight', 'prosody_up.bias', 'cross_attn.in_proj_weight', 'cross_attn.in_proj_bias', 'cross_attn.out_proj.weight', 'cross_attn.out_proj.bias', 'fusion_layer_norm.weight', 'fusion_layer_norm.bias']
Unexpected keys: []
Re-initializing decoder layer, to be trained from scratch
Training...
{'loss': '4.83', 'grad_norm': '4.843', 'learning_rate': '0.0001073', 'epoch': '1.074'}
{'eval_loss': '0.4503', 'eval_runtime': '104.7', 'eval_samples_per_second': '568.9', 'eval_steps_per_second': '4.449', 'epoch': '1.879'}
{'loss': '0.5609', 'grad_norm': '3.295', 'learning_rate': '0.0002147', 'epoch': '2.147'}
{'loss': '0.4791', 'grad_norm': '5.455', 'learning_rate': '0.0003', 'epoch': '3.221'}
{'eval_loss': '0.4482', 'eval_runtime': '104.7', 'eval_samples_per_second': '569.2', 'eval_steps_per_second': '4.452', 'epoch': '3.757'}
{'loss': '0.4567', 'grad_norm': '9.675', 'learning_rate': '0.0002983', 'epoch': '4.294'}
{'loss': '0.444', 'grad_norm': '0.7767', 'learning_rate': '0.0002943', 'epoch': '5.368'}
{'eval_loss': '0.4254', 'eval_runtime': '104.7', 'eval_samples_per_second': '569', 'eval_steps_per_second': '4.45', 'epoch': '5.636'}
{'loss': '0.4352', 'grad_norm': '5.329', 'learning_rate': '0.0002881', 'epoch': '6.441'}
{'loss': '0.4308', 'grad_norm': '6.01', 'learning_rate': '0.0002798', 'epoch': '7.515'}
{'eval_loss': '0.4249', 'eval_runtime': '104.8', 'eval_samples_per_second': '568.8', 'eval_steps_per_second': '4.449', 'epoch': '7.515'}
{'loss': '0.4272', 'grad_norm': '3.721', 'learning_rate': '0.0002694', 'epoch': '8.588'}
{'eval_loss': '0.4201', 'eval_runtime': '104.7', 'eval_samples_per_second': '569.3', 'eval_steps_per_second': '4.452', 'epoch': '9.393'}
{'loss': '0.4247', 'grad_norm': '1.995', 'learning_rate': '0.0002572', 'epoch': '9.662'}
{'loss': '0.4234', 'grad_norm': '0.7957', 'learning_rate': '0.0002432', 'epoch': '10.74'}
{'eval_loss': '0.4188', 'eval_runtime': '105.1', 'eval_samples_per_second': '567', 'eval_steps_per_second': '4.435', 'epoch': '11.27'}
{'loss': '0.4219', 'grad_norm': '4.944', 'learning_rate': '0.0002279', 'epoch': '11.81'}
{'loss': '0.4212', 'grad_norm': '2.541', 'learning_rate': '0.0002113', 'epoch': '12.88'}
{'eval_loss': '0.4183', 'eval_runtime': '105.1', 'eval_samples_per_second': '567.2', 'eval_steps_per_second': '4.436', 'epoch': '13.15'}
{'loss': '0.4207', 'grad_norm': '0.777', 'learning_rate': '0.0001938', 'epoch': '13.96'}
{'loss': '0.4198', 'grad_norm': '1.495', 'learning_rate': '0.0001755', 'epoch': '15.03'}
{'eval_loss': '0.4179', 'eval_runtime': '105.1', 'eval_samples_per_second': '567.2', 'eval_steps_per_second': '4.436', 'epoch': '15.03'}
{'loss': '0.4194', 'grad_norm': '3.55', 'learning_rate': '0.0001569', 'epoch': '16.1'}
{'eval_loss': '0.4173', 'eval_runtime': '104.8', 'eval_samples_per_second': '568.5', 'eval_steps_per_second': '4.446', 'epoch': '16.91'}
{'loss': '0.419', 'grad_norm': '0.3291', 'learning_rate': '0.0001382', 'epoch': '17.18'}
{'loss': '0.4186', 'grad_norm': '1.776', 'learning_rate': '0.0001197', 'epoch': '18.25'}
{'eval_loss': '0.4173', 'eval_runtime': '104.8', 'eval_samples_per_second': '568.5', 'eval_steps_per_second': '4.446', 'epoch': '18.79'}
{'loss': '0.4182', 'grad_norm': '1.462', 'learning_rate': '0.0001016', 'epoch': '19.32'}
{'loss': '0.4179', 'grad_norm': '1.868', 'learning_rate': '8.43e-05', 'epoch': '20.4'}
{'eval_loss': '0.4176', 'eval_runtime': '104.7', 'eval_samples_per_second': '569.1', 'eval_steps_per_second': '4.451', 'epoch': '20.67'}
{'loss': '0.4178', 'grad_norm': '1.233', 'learning_rate': '6.801e-05', 'epoch': '21.47'}
{'loss': '0.4174', 'grad_norm': '0.5737', 'learning_rate': '5.3e-05', 'epoch': '22.54'}
{'eval_loss': '0.4169', 'eval_runtime': '105.1', 'eval_samples_per_second': '566.9', 'eval_steps_per_second': '4.434', 'epoch': '22.54'}
{'loss': '0.4171', 'grad_norm': '0.2276', 'learning_rate': '3.95e-05', 'epoch': '23.62'}
{'eval_loss': '0.4168', 'eval_runtime': '104.7', 'eval_samples_per_second': '569.3', 'eval_steps_per_second': '4.453', 'epoch': '24.42'}
{'loss': '0.4171', 'grad_norm': '1.368', 'learning_rate': '2.772e-05', 'epoch': '24.69'}
{'loss': '0.4167', 'grad_norm': '0.5852', 'learning_rate': '1.785e-05', 'epoch': '25.76'}
{'eval_loss': '0.4166', 'eval_runtime': '104.6', 'eval_samples_per_second': '569.4', 'eval_steps_per_second': '4.453', 'epoch': '26.3'}
{'loss': '0.4168', 'grad_norm': '0.6285', 'learning_rate': '1.004e-05', 'epoch': '26.84'}
{'loss': '0.4166', 'grad_norm': '1.469', 'learning_rate': '4.407e-06', 'epoch': '27.91'}
{'eval_loss': '0.4166', 'eval_runtime': '104.8', 'eval_samples_per_second': '568.5', 'eval_steps_per_second': '4.446', 'epoch': '28.18'}
{'loss': '0.4165', 'grad_norm': '1.469', 'learning_rate': '1.045e-06', 'epoch': '28.99'}
{'eval_loss': '0.4165', 'eval_runtime': '104.7', 'eval_samples_per_second': '568.8', 'eval_steps_per_second': '4.449', 'epoch': '30'}
{'train_runtime': '3.59e+04', 'train_samples_per_second': '199.1', 'train_steps_per_second': '1.557', 'train_loss': '0.5875', 'epoch': '30'}
Evaluating (Mean Loss)...
Calculating per-sequence surprisals...
Fold 3 Evaluation per token: 0.4165
Fold 3 Entropy per sequence: 13.8761

--- Starting Fold 4/5 ---
Fold 4 sizes: Train=238344, Eval=59586
Loading tokenizer...
Found 68 POS tags: ['-LRB-', '-RRB-', 'ADD', 'ADJP', 'ADVP', 'AFX', 'CC', 'CD', 'CONJP', 'DT', 'EX', 'FRAG', 'FW', 'HYPH', 'IN', 'INTJ', 'JJ', 'JJR', 'JJS', 'LS', 'LST', 'MD', 'NFP', 'NML', 'NN', 'NNP', 'NNPS', 'NNS', 'NP', 'PDT', 'POS', 'PP', 'PRN', 'PRP', 'PRP$', 'PRT', 'QP', 'RB', 'RBR', 'RBS', 'ROOT', 'RP', 'RRC', 'S', 'SBAR', 'SBARQ', 'SINV', 'SQ', 'SYM', 'TO', 'UCP', 'UH', 'VB', 'VBD', 'VBG', 'VBN', 'VBP', 'VBZ', 'VP', 'WDT', 'WHADJP', 'WHADVP', 'WHNP', 'WHPP', 'WP', 'WP$', 'WRB', 'X']
Found 0 phrase labels: []
Adding manual additions: ( ) # $ . , ''
Preprocessing...
Token length per parse sequence: 33.0712
Initializing DualEncoder model...
Loading  weights...
Missing keys: ['prosody_encoder.pos_table', 'prosody_encoder.mag_table', 'prosody_encoder.transformer.layers.0.self_attn.in_proj_weight', 'prosody_encoder.transformer.layers.0.self_attn.in_proj_bias', 'prosody_encoder.transformer.layers.0.self_attn.out_proj.weight', 'prosody_encoder.transformer.layers.0.self_attn.out_proj.bias', 'prosody_encoder.transformer.layers.0.linear1.weight', 'prosody_encoder.transformer.layers.0.linear1.bias', 'prosody_encoder.transformer.layers.0.linear2.weight', 'prosody_encoder.transformer.layers.0.linear2.bias', 'prosody_encoder.transformer.layers.0.norm1.weight', 'prosody_encoder.transformer.layers.0.norm1.bias', 'prosody_encoder.transformer.layers.0.norm2.weight', 'prosody_encoder.transformer.layers.0.norm2.bias', 'prosody_encoder.transformer.layers.1.self_attn.in_proj_weight', 'prosody_encoder.transformer.layers.1.self_attn.in_proj_bias', 'prosody_encoder.transformer.layers.1.self_attn.out_proj.weight', 'prosody_encoder.transformer.layers.1.self_attn.out_proj.bias', 'prosody_encoder.transformer.layers.1.linear1.weight', 'prosody_encoder.transformer.layers.1.linear1.bias', 'prosody_encoder.transformer.layers.1.linear2.weight', 'prosody_encoder.transformer.layers.1.linear2.bias', 'prosody_encoder.transformer.layers.1.norm1.weight', 'prosody_encoder.transformer.layers.1.norm1.bias', 'prosody_encoder.transformer.layers.1.norm2.weight', 'prosody_encoder.transformer.layers.1.norm2.bias', 'prosody_encoder.up_proj.weight', 'prosody_encoder.up_proj.bias', 'prosody_up.weight', 'prosody_up.bias', 'cross_attn.in_proj_weight', 'cross_attn.in_proj_bias', 'cross_attn.out_proj.weight', 'cross_attn.out_proj.bias', 'fusion_layer_norm.weight', 'fusion_layer_norm.bias']
Unexpected keys: []
Re-initializing decoder layer, to be trained from scratch
Training...
{'loss': '4.856', 'grad_norm': '10.04', 'learning_rate': '0.0001073', 'epoch': '1.074'}
{'eval_loss': '0.4796', 'eval_runtime': '104.6', 'eval_samples_per_second': '569.8', 'eval_steps_per_second': '4.456', 'epoch': '1.879'}
{'loss': '0.5587', 'grad_norm': '12.33', 'learning_rate': '0.0002147', 'epoch': '2.147'}
{'loss': '0.4854', 'grad_norm': '1.936', 'learning_rate': '0.0003', 'epoch': '3.221'}
{'eval_loss': '0.432', 'eval_runtime': '104.6', 'eval_samples_per_second': '569.5', 'eval_steps_per_second': '4.454', 'epoch': '3.757'}
{'loss': '0.4561', 'grad_norm': '7.348', 'learning_rate': '0.0002983', 'epoch': '4.294'}
{'loss': '0.4408', 'grad_norm': '7.319', 'learning_rate': '0.0002943', 'epoch': '5.368'}
{'eval_loss': '0.4246', 'eval_runtime': '104.8', 'eval_samples_per_second': '568.5', 'eval_steps_per_second': '4.446', 'epoch': '5.636'}
{'loss': '0.4351', 'grad_norm': '1.035', 'learning_rate': '0.0002881', 'epoch': '6.441'}
{'loss': '0.43', 'grad_norm': '5.213', 'learning_rate': '0.0002798', 'epoch': '7.515'}
{'eval_loss': '0.4221', 'eval_runtime': '104.8', 'eval_samples_per_second': '568.4', 'eval_steps_per_second': '4.445', 'epoch': '7.515'}
{'loss': '0.4274', 'grad_norm': '0.8764', 'learning_rate': '0.0002694', 'epoch': '8.588'}
{'eval_loss': '0.4206', 'eval_runtime': '104.7', 'eval_samples_per_second': '569.3', 'eval_steps_per_second': '4.452', 'epoch': '9.393'}
{'loss': '0.4253', 'grad_norm': '5.088', 'learning_rate': '0.0002572', 'epoch': '9.662'}
{'loss': '0.4229', 'grad_norm': '6.62', 'learning_rate': '0.0002432', 'epoch': '10.74'}
{'eval_loss': '0.4257', 'eval_runtime': '105', 'eval_samples_per_second': '567.4', 'eval_steps_per_second': '4.438', 'epoch': '11.27'}
{'loss': '0.4219', 'grad_norm': '1.302', 'learning_rate': '0.0002279', 'epoch': '11.81'}
{'loss': '0.4211', 'grad_norm': '6.032', 'learning_rate': '0.0002113', 'epoch': '12.88'}
{'eval_loss': '0.4182', 'eval_runtime': '104.6', 'eval_samples_per_second': '569.8', 'eval_steps_per_second': '4.456', 'epoch': '13.15'}
{'loss': '0.4206', 'grad_norm': '3.164', 'learning_rate': '0.0001938', 'epoch': '13.96'}
{'loss': '0.4199', 'grad_norm': '1.124', 'learning_rate': '0.0001755', 'epoch': '15.03'}
{'eval_loss': '0.4174', 'eval_runtime': '104.6', 'eval_samples_per_second': '569.6', 'eval_steps_per_second': '4.455', 'epoch': '15.03'}
{'loss': '0.4193', 'grad_norm': '4.567', 'learning_rate': '0.0001569', 'epoch': '16.1'}
{'eval_loss': '0.4179', 'eval_runtime': '104.6', 'eval_samples_per_second': '569.4', 'eval_steps_per_second': '4.453', 'epoch': '16.91'}
{'loss': '0.419', 'grad_norm': '0.9697', 'learning_rate': '0.0001382', 'epoch': '17.18'}
{'loss': '0.4185', 'grad_norm': '0.7347', 'learning_rate': '0.0001197', 'epoch': '18.25'}
{'eval_loss': '0.4172', 'eval_runtime': '104.7', 'eval_samples_per_second': '569.1', 'eval_steps_per_second': '4.45', 'epoch': '18.79'}
{'loss': '0.4183', 'grad_norm': '1.058', 'learning_rate': '0.0001016', 'epoch': '19.32'}
{'loss': '0.4181', 'grad_norm': '2.558', 'learning_rate': '8.43e-05', 'epoch': '20.4'}
{'eval_loss': '0.4168', 'eval_runtime': '104.7', 'eval_samples_per_second': '568.9', 'eval_steps_per_second': '4.45', 'epoch': '20.67'}
{'loss': '0.4173', 'grad_norm': '0.7438', 'learning_rate': '6.801e-05', 'epoch': '21.47'}
{'loss': '0.4178', 'grad_norm': '1.107', 'learning_rate': '5.3e-05', 'epoch': '22.54'}
{'eval_loss': '0.4166', 'eval_runtime': '105.3', 'eval_samples_per_second': '566', 'eval_steps_per_second': '4.427', 'epoch': '22.54'}
{'loss': '0.4171', 'grad_norm': '2.478', 'learning_rate': '3.95e-05', 'epoch': '23.62'}
{'eval_loss': '0.4168', 'eval_runtime': '104.8', 'eval_samples_per_second': '568.7', 'eval_steps_per_second': '4.448', 'epoch': '24.42'}
{'loss': '0.417', 'grad_norm': '1.602', 'learning_rate': '2.772e-05', 'epoch': '24.69'}
{'loss': '0.417', 'grad_norm': '1.696', 'learning_rate': '1.785e-05', 'epoch': '25.76'}
{'eval_loss': '0.4165', 'eval_runtime': '104.7', 'eval_samples_per_second': '569', 'eval_steps_per_second': '4.45', 'epoch': '26.3'}
{'loss': '0.4167', 'grad_norm': '0.7214', 'learning_rate': '1.004e-05', 'epoch': '26.84'}
{'loss': '0.4165', 'grad_norm': '2.209', 'learning_rate': '4.407e-06', 'epoch': '27.91'}
{'eval_loss': '0.4166', 'eval_runtime': '104.7', 'eval_samples_per_second': '569.1', 'eval_steps_per_second': '4.451', 'epoch': '28.18'}
{'loss': '0.4167', 'grad_norm': '0.7123', 'learning_rate': '1.045e-06', 'epoch': '28.99'}
{'eval_loss': '0.4166', 'eval_runtime': '104.7', 'eval_samples_per_second': '569', 'eval_steps_per_second': '4.45', 'epoch': '30'}
{'train_runtime': '3.587e+04', 'train_samples_per_second': '199.4', 'train_steps_per_second': '1.558', 'train_loss': '0.5884', 'epoch': '30'}
Evaluating (Mean Loss)...
Calculating per-sequence surprisals...
Fold 4 Evaluation per token: 0.4165
Fold 4 Entropy per sequence: 13.7754

--- Starting Fold 5/5 ---
Fold 5 sizes: Train=238344, Eval=59586
Loading tokenizer...
Found 68 POS tags: ['-LRB-', '-RRB-', 'ADD', 'ADJP', 'ADVP', 'AFX', 'CC', 'CD', 'CONJP', 'DT', 'EX', 'FRAG', 'FW', 'HYPH', 'IN', 'INTJ', 'JJ', 'JJR', 'JJS', 'LS', 'LST', 'MD', 'NFP', 'NML', 'NN', 'NNP', 'NNPS', 'NNS', 'NP', 'PDT', 'POS', 'PP', 'PRN', 'PRP', 'PRP$', 'PRT', 'QP', 'RB', 'RBR', 'RBS', 'ROOT', 'RP', 'RRC', 'S', 'SBAR', 'SBARQ', 'SINV', 'SQ', 'SYM', 'TO', 'UCP', 'UH', 'VB', 'VBD', 'VBG', 'VBN', 'VBP', 'VBZ', 'VP', 'WDT', 'WHADJP', 'WHADVP', 'WHNP', 'WHPP', 'WP', 'WP$', 'WRB', 'X']
Found 0 phrase labels: []
Adding manual additions: ( ) # $ . , ''
Preprocessing...
Token length per parse sequence: 33.3452
Initializing DualEncoder model...
Loading  weights...
Missing keys: ['prosody_encoder.pos_table', 'prosody_encoder.mag_table', 'prosody_encoder.transformer.layers.0.self_attn.in_proj_weight', 'prosody_encoder.transformer.layers.0.self_attn.in_proj_bias', 'prosody_encoder.transformer.layers.0.self_attn.out_proj.weight', 'prosody_encoder.transformer.layers.0.self_attn.out_proj.bias', 'prosody_encoder.transformer.layers.0.linear1.weight', 'prosody_encoder.transformer.layers.0.linear1.bias', 'prosody_encoder.transformer.layers.0.linear2.weight', 'prosody_encoder.transformer.layers.0.linear2.bias', 'prosody_encoder.transformer.layers.0.norm1.weight', 'prosody_encoder.transformer.layers.0.norm1.bias', 'prosody_encoder.transformer.layers.0.norm2.weight', 'prosody_encoder.transformer.layers.0.norm2.bias', 'prosody_encoder.transformer.layers.1.self_attn.in_proj_weight', 'prosody_encoder.transformer.layers.1.self_attn.in_proj_bias', 'prosody_encoder.transformer.layers.1.self_attn.out_proj.weight', 'prosody_encoder.transformer.layers.1.self_attn.out_proj.bias', 'prosody_encoder.transformer.layers.1.linear1.weight', 'prosody_encoder.transformer.layers.1.linear1.bias', 'prosody_encoder.transformer.layers.1.linear2.weight', 'prosody_encoder.transformer.layers.1.linear2.bias', 'prosody_encoder.transformer.layers.1.norm1.weight', 'prosody_encoder.transformer.layers.1.norm1.bias', 'prosody_encoder.transformer.layers.1.norm2.weight', 'prosody_encoder.transformer.layers.1.norm2.bias', 'prosody_encoder.up_proj.weight', 'prosody_encoder.up_proj.bias', 'prosody_up.weight', 'prosody_up.bias', 'cross_attn.in_proj_weight', 'cross_attn.in_proj_bias', 'cross_attn.out_proj.weight', 'cross_attn.out_proj.bias', 'fusion_layer_norm.weight', 'fusion_layer_norm.bias']
Unexpected keys: []
Re-initializing decoder layer, to be trained from scratch
Training...
{'loss': '4.833', 'grad_norm': '12.42', 'learning_rate': '0.0001073', 'epoch': '1.074'}
{'eval_loss': '0.4466', 'eval_runtime': '104.6', 'eval_samples_per_second': '569.6', 'eval_steps_per_second': '4.455', 'epoch': '1.879'}
{'loss': '0.5588', 'grad_norm': '5.876', 'learning_rate': '0.0002147', 'epoch': '2.147'}
{'loss': '0.4834', 'grad_norm': '15.39', 'learning_rate': '0.0003', 'epoch': '3.221'}
{'eval_loss': '0.4335', 'eval_runtime': '104.6', 'eval_samples_per_second': '569.8', 'eval_steps_per_second': '4.456', 'epoch': '3.757'}
{'loss': '0.4544', 'grad_norm': '12.16', 'learning_rate': '0.0002983', 'epoch': '4.294'}
{'loss': '0.4411', 'grad_norm': '11.85', 'learning_rate': '0.0002943', 'epoch': '5.368'}
{'eval_loss': '0.4251', 'eval_runtime': '104.6', 'eval_samples_per_second': '569.8', 'eval_steps_per_second': '4.456', 'epoch': '5.636'}
{'loss': '0.4347', 'grad_norm': '0.7558', 'learning_rate': '0.0002881', 'epoch': '6.441'}
{'loss': '0.4311', 'grad_norm': '1.396', 'learning_rate': '0.0002798', 'epoch': '7.515'}
{'eval_loss': '0.4216', 'eval_runtime': '104.5', 'eval_samples_per_second': '569.9', 'eval_steps_per_second': '4.457', 'epoch': '7.515'}
{'loss': '0.4268', 'grad_norm': '2.586', 'learning_rate': '0.0002694', 'epoch': '8.588'}
{'eval_loss': '0.4204', 'eval_runtime': '104.6', 'eval_samples_per_second': '569.6', 'eval_steps_per_second': '4.454', 'epoch': '9.393'}
{'loss': '0.4247', 'grad_norm': '3.592', 'learning_rate': '0.0002572', 'epoch': '9.662'}
{'loss': '0.423', 'grad_norm': '3.221', 'learning_rate': '0.0002432', 'epoch': '10.74'}
{'eval_loss': '0.4186', 'eval_runtime': '105', 'eval_samples_per_second': '567.3', 'eval_steps_per_second': '4.437', 'epoch': '11.27'}
{'loss': '0.4225', 'grad_norm': '0.7635', 'learning_rate': '0.0002279', 'epoch': '11.81'}
{'loss': '0.421', 'grad_norm': '0.9505', 'learning_rate': '0.0002113', 'epoch': '12.88'}
{'eval_loss': '0.4181', 'eval_runtime': '104.6', 'eval_samples_per_second': '569.5', 'eval_steps_per_second': '4.454', 'epoch': '13.15'}
{'loss': '0.4204', 'grad_norm': '1.911', 'learning_rate': '0.0001938', 'epoch': '13.96'}
{'loss': '0.4199', 'grad_norm': '3.816', 'learning_rate': '0.0001755', 'epoch': '15.03'}
{'eval_loss': '0.4177', 'eval_runtime': '104.6', 'eval_samples_per_second': '569.5', 'eval_steps_per_second': '4.454', 'epoch': '15.03'}
{'loss': '0.4194', 'grad_norm': '0.8484', 'learning_rate': '0.0001569', 'epoch': '16.1'}
{'eval_loss': '0.4174', 'eval_runtime': '104.6', 'eval_samples_per_second': '569.5', 'eval_steps_per_second': '4.454', 'epoch': '16.91'}
{'loss': '0.419', 'grad_norm': '2.355', 'learning_rate': '0.0001382', 'epoch': '17.18'}
{'loss': '0.4185', 'grad_norm': '0.2057', 'learning_rate': '0.0001197', 'epoch': '18.25'}
{'eval_loss': '0.4171', 'eval_runtime': '104.7', 'eval_samples_per_second': '569.2', 'eval_steps_per_second': '4.451', 'epoch': '18.79'}
{'loss': '0.4182', 'grad_norm': '0.8764', 'learning_rate': '0.0001016', 'epoch': '19.32'}
{'loss': '0.4179', 'grad_norm': '1.903', 'learning_rate': '8.43e-05', 'epoch': '20.4'}
{'eval_loss': '0.4172', 'eval_runtime': '104.7', 'eval_samples_per_second': '569.1', 'eval_steps_per_second': '4.451', 'epoch': '20.67'}
{'loss': '0.4179', 'grad_norm': '1.891', 'learning_rate': '6.801e-05', 'epoch': '21.47'}
{'loss': '0.4174', 'grad_norm': '0.9149', 'learning_rate': '5.3e-05', 'epoch': '22.54'}
{'eval_loss': '0.4171', 'eval_runtime': '105', 'eval_samples_per_second': '567.4', 'eval_steps_per_second': '4.437', 'epoch': '22.54'}
{'loss': '0.4172', 'grad_norm': '0.5063', 'learning_rate': '3.95e-05', 'epoch': '23.62'}
{'eval_loss': '0.4168', 'eval_runtime': '104.9', 'eval_samples_per_second': '567.8', 'eval_steps_per_second': '4.44', 'epoch': '24.42'}
{'loss': '0.4169', 'grad_norm': '0.572', 'learning_rate': '2.772e-05', 'epoch': '24.69'}
{'loss': '0.4168', 'grad_norm': '1.96', 'learning_rate': '1.785e-05', 'epoch': '25.76'}
{'eval_loss': '0.4167', 'eval_runtime': '104.6', 'eval_samples_per_second': '569.6', 'eval_steps_per_second': '4.455', 'epoch': '26.3'}
{'loss': '0.4166', 'grad_norm': '0.7233', 'learning_rate': '1.004e-05', 'epoch': '26.84'}
{'loss': '0.4167', 'grad_norm': '1.804', 'learning_rate': '4.407e-06', 'epoch': '27.91'}
{'eval_loss': '0.4167', 'eval_runtime': '104.6', 'eval_samples_per_second': '569.8', 'eval_steps_per_second': '4.456', 'epoch': '28.18'}
{'loss': '0.4165', 'grad_norm': '0.7314', 'learning_rate': '1.045e-06', 'epoch': '28.99'}
{'eval_loss': '0.4167', 'eval_runtime': '104.6', 'eval_samples_per_second': '569.5', 'eval_steps_per_second': '4.454', 'epoch': '30'}
{'train_runtime': '3.584e+04', 'train_samples_per_second': '199.5', 'train_steps_per_second': '1.559', 'train_loss': '0.5875', 'epoch': '30'}
Evaluating (Mean Loss)...
Calculating per-sequence surprisals...
Fold 5 Evaluation per token: 0.4167
Fold 5 Entropy per sequence: 13.8934
Saving detailed results...
Saved per-sequence surprisals to /home/jm3743/prosody-syntax-interface/outputs/candor_dyck/cross_validation_results.csv
Global Mean Surprisal: 13.8954

--- Cross-Validation Results ---
Individual Fold Metrics: [13.90627592387368, 13.87714760570551, 13.876139002852549, 13.77536180250211, 13.893378314220127]
Mean Metric (Entropy/Loss): 13.8657
Standard Deviation: 0.0465
Variance: 0.0022
